{
    "ReceiptInfo": {
      "merchant": "H <UNKNOWN> MART",
      "address": "458 Keawe st",
      "city": "Honolulu",
      "state": "<UNKNOWN>",
      "phoneNumber": "<UNKNOWN>",
      "tax": 2.00,
      "total": 44.45,
      "receiptDate": "07/15/23",
      "receiptTime": "08:17pm",
      "ITEMS": [
        {
            "description": "SY RAMEN HOT MULTI",
            "quantity": 1,
            "unitPrice": 8.99,
            "totalPrice": 8.99,
            "discountAmount":null 
        },
        {
            "description": "IND MI GORENG NOOD",
            "quantity": 1,
            "unitPrice": 4.99,
            "totalPrice": 4.99,
            "discountAmount":null
        },
        {
            "description": "HT BEEF DUMPLING D",
            "quantity": 1,
            "unitPrice": 19.99 ,
            "totalPrice": 19.99,
            "discountAmount":null
        },
        {
            "description": "NS SHRIMP HOT SNCK",
            "quantity": 1,
            "unitPrice": 1.99,
            "totalPrice": 1.99,
            "discountAmount":null
        },
                {
            "description": "ME AZUKI ICE CREAM",
            "quantity": 1,
            "unitPrice": 6.49,
            "totalPrice": 6.49,
            "discountAmount":null
        }
      ]
    }
  }
